// Vitest Snapshot v1

exports[`mount component 1`] = `"<button type=\\"button\\">count is 4</button>"`;
